../Middlewares/easylogger/elog_port.c:40:13:elog_port_init	16	static
../Middlewares/easylogger/elog_port.c:52:6:elog_port_deinit	4	static
../Middlewares/easylogger/elog_port.c:64:6:elog_port_output	16	static
../Middlewares/easylogger/elog_port.c:73:6:elog_port_output_lock	4	static
../Middlewares/easylogger/elog_port.c:82:6:elog_port_output_unlock	4	static
../Middlewares/easylogger/elog_port.c:93:13:elog_port_get_time	8	static
../Middlewares/easylogger/elog_port.c:107:13:elog_port_get_p_info	4	static
../Middlewares/easylogger/elog_port.c:118:13:elog_port_get_t_info	4	static
